HBase Shell; enter 'help<RETURN>' for list of supported commands.
Type "exit<RETURN>" to leave the HBase Shell
Version 1.2.6, rUnknown, Mon May 29 02:25:32 CDT 2017

create 'COMPANY', 'DEPARTMENT', 'EMPLOYEE', 'PROJECT'
0 row(s) in 1.5190 seconds

Hbase::Table - COMPANY

put 'COMPANY', 'D2', 'DEPARTMENT:name', 'Research'
0 row(s) in 0.1550 seconds

put 'COMPANY', 'D2', 'DEPARTMENT:budget', '7000'
0 row(s) in 0.0110 seconds


put 'COMPANY', 'E4', 'EMPLOYEE:enumber', 'E04'
0 row(s) in 0.0040 seconds

put 'COMPANY', 'E4', 'EMPLOYEE:first-name', 'Alice'
0 row(s) in 0.0050 seconds

put 'COMPANY', 'E4', 'EMPLOYEE:last-name', 'Smith'
0 row(s) in 0.0040 seconds

put 'COMPANY', 'E4', 'EMPLOYEE:salary', '4200'
0 row(s) in 0.0060 seconds


put 'COMPANY', 'E5', 'EMPLOYEE:enumber', 'E05'
0 row(s) in 0.0110 seconds

put 'COMPANY', 'E5', 'EMPLOYEE:first-name', 'Bob'
0 row(s) in 0.0080 seconds

put 'COMPANY', 'E5', 'EMPLOYEE:last-name', 'Brown'
0 row(s) in 0.0080 seconds

put 'COMPANY', 'E5', 'EMPLOYEE:salary', '3900'
0 row(s) in 0.0250 seconds


put 'COMPANY', 'E6', 'EMPLOYEE:enumber', 'E06'
0 row(s) in 0.0070 seconds

put 'COMPANY', 'E6', 'EMPLOYEE:first-name', 'Charlie'
0 row(s) in 0.0350 seconds

put 'COMPANY', 'E6', 'EMPLOYEE:last-name', 'Johnson'
0 row(s) in 0.0040 seconds

put 'COMPANY', 'E6', 'EMPLOYEE:salary', '4000'
0 row(s) in 0.0050 seconds


put 'COMPANY', 'E5', 'EMPLOYEE:manager', 'E04'
0 row(s) in 0.0060 seconds

put 'COMPANY', 'E6', 'EMPLOYEE:manager', 'E04'
0 row(s) in 0.0070 seconds


put 'COMPANY', 'E4', 'EMPLOYEE:project', 'P03'
0 row(s) in 0.0060 seconds

put 'COMPANY', 'E4', 'EMPLOYEE:project', 'P04'
0 row(s) in 0.0090 seconds

put 'COMPANY', 'E5', 'EMPLOYEE:project', 'P03'
0 row(s) in 0.0070 seconds

put 'COMPANY', 'E5', 'EMPLOYEE:project', 'P04'
0 row(s) in 0.0110 seconds

put 'COMPANY', 'E6', 'EMPLOYEE:project', 'P03'
0 row(s) in 0.0040 seconds

put 'COMPANY', 'E6', 'EMPLOYEE:project', 'P04'
0 row(s) in 0.0070 seconds


put 'COMPANY', 'P3', 'PROJECT:code', 'P03'
0 row(s) in 0.0050 seconds

put 'COMPANY', 'P3', 'PROJECT:title', 'Project Alpha'
0 row(s) in 0.0060 seconds

put 'COMPANY', 'P3', 'PROJECT:salary', '12000'
0 row(s) in 0.0170 seconds


put 'COMPANY', 'P4', 'PROJECT:code', 'P04'
0 row(s) in 0.0030 seconds

put 'COMPANY', 'P4', 'PROJECT:title', 'Project Beta'
0 row(s) in 0.0080 seconds

put 'COMPANY', 'P4', 'PROJECT:salary', '16000'
0 row(s) in 0.0080 seconds
